Analyzing datapath extraction ...

 
****************************************
Report : resources
Design : top_WIDTH8
Version: M-2016.12-SP5-3
Date   : Thu Jan 17 12:31:18 2019
****************************************


Resource Report for this hierarchy in file ./rtl_reference/regbank.v
=============================================================================
| Cell           | Module         | Parameters | Contained Operations       |
=============================================================================
| ash_10         | DW01_ash       | A_width=4  | the_controler/sll_64 (control.v:64) |
        |                | SH_width=2 |                            |
| mult_x_17      | DW02_mult      | A_width=8  | calculator/mult_31 (alu.v:31) |
              |                | B_width=8  |                            |
| div_18         | DW_div_tc      | a_width=9  | calculator/div_32 (alu.v:32) |
               |                | b_width=8  |                            |
=============================================================================


Resource Report for this hierarchy
=============================================================================
| Cell           | Module         | Parameters | Contained Operations       |
=============================================================================
| DP_OP_44J1_64_7072              |            |                            |
|                | DP_OP_44J1_64_7072 |        |                            |
=============================================================================

Datapath Report for DP_OP_44J1_64_7072
==============================================================================
| Cell                 | Contained Operations                                |
==============================================================================
| DP_OP_44J1_64_7072   | calculator/add_29 (alu.v:29)                        |
|                      | calculator/sub_30 (alu.v:30)                        |
==============================================================================

==============================================================================
|       |      | Data     |       |                                          |
| Var   | Type | Class    | Width | Expression                               |
==============================================================================
| I1    | PI   | Signed   | 8     |                                          |
| I2    | PI   | Signed   | 8     |                                          |
| I3    | PI   | Unsigned | 1     |                                          |
| O1    | PO   | Signed   | 9     | addsub(I1,I2,I3) ( alu.v:29 alu.v:30 )   |
==============================================================================

1
